{
    "samples": [
        {
            "chainEvent": {
                "contents": 3,
                "tag": "Rollback"
            },
            "tag": "OnChainEvent"
        },
        {
            "chainEvent": {
                "contents": 13,
                "tag": "Rollback"
            },
            "tag": "OnChainEvent"
        },
        {
            "clientInput": {
                "tag": "Commit",
                "utxo": [
                    -10,
                    5,
                    10,
                    15
                ]
            },
            "tag": "ClientEvent"
        },
        {
            "postChainTx": {
                "confirmedSnapshot": {
                    "signatures": {
                        "multiSignature": [
                            "50f61fa033ce07495a9ddf7faa9e16c75849121f1790b8722c32c346d0f29830c06e8abaed52b3607d8b4c203252a2cd066753b698d9944e57219c93fadc980b",
                            "e5db53e34b842eb77c00b832a44527437a56fc6ddf1a62a956278c1bfa7b236590fe17b3bbed0a78281b6cd5c80974a71ad3a98772b9f7fe956b004dbca11408",
                            "da33336fa346494ea3747807fe76f055375b634c9988f3dc3a6c6fe965f630f791c4cf87502f0067ba60ec4f97b030d9d64b57c531aa860eb19eea5e35dfaf01",
                            "226234bf118f0042a12cd7f4926d5dc07391d6f375c52e5d21f8653b87fe3dfb9a94e4a117336ac539cdd2130cefa3c6912649722555c0df006c0f4ba11f6a06",
                            "453b33b179f64ee6a9162d4a7c88fcf01e09c2a8b7f256ed320317bca79a8c6e911c6c5ca40e8fc524e4a280f6bd9472b66a533788cbecc061fffc467ed28106",
                            "1b639d52f26e88fcd50ae90f63fd248364c663a680fb9654eb7d275a6d183b527ba9346a9c664198cd971f48c6b155fcea7c8033e74e47b16f854f193c1dab0f",
                            "439a37e422f77fc075ef6b0c47b42f56311a194fcdb7030a3e100eb2f4844f9bb86bdbf88c0a2aec0f9385ed09b73207b61ee6b2037ead60b92fde4f61e2e40c",
                            "6517ee5851feb9446e806d698afe1f9f9e807058a89affc9167b51484078e1aa3d6220a3436deb99ff257e0419752db452e57f57fe6d3865730293c9ccb2c304",
                            "f2df89217abe15e7005e58ec419cf530e7972f27f274eac2d838868cdc31c7b701513bb106e74cf200c6e1923485fab1fa728f5c168321e9e60983f950babd08",
                            "1cab1e4cb4c4b604405e813766c30fd1e4f9596dabfb422b3233775f5eabe5be83005d6d0df926578373f85bae6a786d1f61eed89457c2c8383c18e2f55ec601",
                            "e835d63d3d544dba0a041f4c412c235ae95868932995508fe2a1a0e60e78f36e9c5d0eb08d90625621bbbca0408988d5151c68db6e88d2086854c333e48a150a",
                            "cd3d450b0df9e27714ad46e31a4788df5dbd1d8e3d8d699eca0e2bc6d2c89ac54c3101d324f482f561e7b7a2191465227f492c1713eb9a8b36437d43e34d6906",
                            "c90e22c7cc691658af154ef246d68bfd5aa3336443339c94201a6f959e2e2b7483f7c090fc3d0bb06078a62f1f289616c75a0a01b7f730cfdcb2237f7ce02c08",
                            "3cf5a9be56f4994fd11b05e268c511d3a424530a4007cdc8ee66891d0b4c8f4481d8afc1665f0035cfd2a9738133e3c3ed7795d64a36916aaa72d4395f904000",
                            "06a10458a69cf9faefbefdb4c13953055ee3f8e00c39207959c4e7f00daf96b3285c60fba3b4439d0b69a9c1e3971f44f9c24535820cb2f07209f21d99dcbf03",
                            "3d46a513e5aae13a90170320bf93ec215cc2a6c17f26914accd138ed804d8039cdb12813f0ee5db72c79770c03a5b527552a521f06ba3db2aa636d6d5afcc30b",
                            "181053c251da85787c33f30fc6d16226ec1bfdeec04366b90d27a8cb7259110e7140abe47ab15cca26e4d6959bae7402c7e7f6b2b44a793b101a4d24f6a39309",
                            "6038c5498b52c7f98096f4c351e318fece7d5295f182690cbab1f75a0ac6a95bc4ab4493b50d5246522450e084cfaf8ae253b7196a3c33c1232053c1ab56300b",
                            "10337d20a819d84551e806d6aad3c691a2045829578189e813485098d9f7d45c05d9795af349e890905a5390cbe9ef9b10b56a94f8081d8769ac953a7903a801",
                            "6f09d06ba0c94a94f5d38214df5d75b95b82328aed52d1673a9a6b58a14e61cf4d7dcd646e9c041f02552c5d71b6b9216e3c8abd53efff56d01517bba1149209",
                            "1c9d0faac86cedc2b7e517b1eabc88f8d516b027689ac1721a1c54f6db314f807d280ddc3ae45b39d1df3f0824e5aa3528763ee1741925b361870eb0c9685b0b",
                            "e8d7024544f76ab8837ac6ac8122cd407db9b19825389be7d0067290e912c51b3b62282cf2ff020fca264c73fb2e3bf90207707afaebe8f07fe6d747b8f9e606",
                            "6efdf5a039de5831f0744b49fe605f258e2107e5e249a69bd14fb18db9c28e468064e9fd9a9f80363c815b4420e85bff8fca1b95ba76c09af5444800cc12c508",
                            "0e5a4062661dc240b35963bcfdb8599b8e4d428a90883ca4672d6e80cac44c46f151b07202bba908bbc911a237bae81450f51e70831ab729531045cbc9ce1c0d",
                            "d9da440ced46f346f3ae766e0e96accdd35dd89a247153cf83feb8ba967b8f66c7642c15644df24d262cdb88c4676bea789248085f95eaff9c6f533472937509",
                            "8e41dd6742116a1a4ce337bee55824d690b9f1524b5b99870d7e52931b2cd0525c2229235557698869b42d0cbeb348b6d95f0b456f3447336b65045a224f100e",
                            "9babc8588a0dc21bd4fde778d16f6b5edd168dceb65f2b3f8b65bc9771472d9ba8b1ed65594b56898fac03fe4c65be35a78484f84d0362b6c8d908e1ab4b520b",
                            "c3899033e6e3fe6a051855dd6e0cf829d4f536ddff6714c31c25a08dd93b894cd9038cb915ff6555f818b8f59227953e0d25fd104a5c38666acfbeb05aadf201"
                        ]
                    },
                    "snapshot": {
                        "confirmedTransactions": [],
                        "snapshotNumber": 27,
                        "utxo": [
                            -30,
                            -9,
                            -5,
                            -1,
                            0,
                            2,
                            16,
                            22
                        ]
                    },
                    "tag": "ConfirmedSnapshot"
                },
                "tag": "CloseTx"
            },
            "postTxError": {
                "mainnetLimitLovelace": 68,
                "tag": "CommittedTooMuchADAForMainnet",
                "userCommittedLovelace": 159
            },
            "tag": "PostTxError"
        },
        {
            "clientInput": {
                "tag": "GetUTxO"
            },
            "tag": "ClientEvent"
        }
    ],
    "seed": -659892713
}